  Determining projects to restore...
C:\fyp\Lebanon-pricemap\LebanonPriceMap.Server\LebanonPriceMap.Server.csproj : warning NU1903: Package 'SixLabors.ImageSharp' 3.1.3 has a known high severity vulnerability, https://github.com/advisories/GHSA-2cmq-823j-5qj8
C:\fyp\Lebanon-pricemap\LebanonPriceMap.Server\LebanonPriceMap.Server.csproj : warning NU1902: Package 'SixLabors.ImageSharp' 3.1.3 has a known moderate severity vulnerability, https://github.com/advisories/GHSA-5x7m-6737-26cr
C:\fyp\Lebanon-pricemap\LebanonPriceMap.Server\LebanonPriceMap.Server.csproj : warning NU1903: Package 'SixLabors.ImageSharp' 3.1.3 has a known high severity vulnerability, https://github.com/advisories/GHSA-63p8-c4ww-9cg7
C:\fyp\Lebanon-pricemap\LebanonPriceMap.Server\LebanonPriceMap.Server.csproj : warning NU1902: Package 'SixLabors.ImageSharp' 3.1.3 has a known moderate severity vulnerability, https://github.com/advisories/GHSA-g85r-6x2q-45w7
C:\fyp\Lebanon-pricemap\LebanonPriceMap.Server\LebanonPriceMap.Server.csproj : warning NU1902: Package 'SixLabors.ImageSharp' 3.1.3 has a known moderate severity vulnerability, https://github.com/advisories/GHSA-qxrv-gp6x-rc23
C:\fyp\Lebanon-pricemap\LebanonPriceMap.Server\LebanonPriceMap.Server.csproj : warning NU1902: Package 'SixLabors.ImageSharp' 3.1.3 has a known moderate severity vulnerability, https://github.com/advisories/GHSA-rxmq-m78w-7wmc
  All projects are up-to-date for restore.
C:\fyp\Lebanon-pricemap\LebanonPriceMap.Server\LebanonPriceMap.Server.csproj : warning NU1903: Package 'SixLabors.ImageSharp' 3.1.3 has a known high severity vulnerability, https://github.com/advisories/GHSA-2cmq-823j-5qj8
C:\fyp\Lebanon-pricemap\LebanonPriceMap.Server\LebanonPriceMap.Server.csproj : warning NU1902: Package 'SixLabors.ImageSharp' 3.1.3 has a known moderate severity vulnerability, https://github.com/advisories/GHSA-5x7m-6737-26cr
C:\fyp\Lebanon-pricemap\LebanonPriceMap.Server\LebanonPriceMap.Server.csproj : warning NU1903: Package 'SixLabors.ImageSharp' 3.1.3 has a known high severity vulnerability, https://github.com/advisories/GHSA-63p8-c4ww-9cg7
C:\fyp\Lebanon-pricemap\LebanonPriceMap.Server\LebanonPriceMap.Server.csproj : warning NU1902: Package 'SixLabors.ImageSharp' 3.1.3 has a known moderate severity vulnerability, https://github.com/advisories/GHSA-g85r-6x2q-45w7
C:\fyp\Lebanon-pricemap\LebanonPriceMap.Server\LebanonPriceMap.Server.csproj : warning NU1902: Package 'SixLabors.ImageSharp' 3.1.3 has a known moderate severity vulnerability, https://github.com/advisories/GHSA-qxrv-gp6x-rc23
C:\fyp\Lebanon-pricemap\LebanonPriceMap.Server\LebanonPriceMap.Server.csproj : warning NU1902: Package 'SixLabors.ImageSharp' 3.1.3 has a known moderate severity vulnerability, https://github.com/advisories/GHSA-rxmq-m78w-7wmc
  WorkingDirectory: C:\fyp\Lebanon-pricemap\lebanonpricemap.client
  ProcessStartInfo.WorkingDirectory: C:\fyp\Lebanon-pricemap\lebanonpricemap.client\
C:\Users\HP UAE\.nuget\packages\microsoft.visualstudio.javascript.sdk\1.0.4338480\Sdk\Sdk.targets(293,3): warning : Creating Warning brace-expansion: Zero-step sequence causes process hang and memory exhaustion, (Package: brace-expansion, Severity: moderate) [C:\fyp\Lebanon-pricemap\lebanonpricemap.client\lebanonpricemap.client.esproj]
C:\Users\HP UAE\.nuget\packages\microsoft.visualstudio.javascript.sdk\1.0.4338480\Sdk\Sdk.targets(293,3): warning : Creating Warning flatted vulnerable to unbounded recursion DoS in parse() revive phase, (Package: flatted, Severity: high) [C:\fyp\Lebanon-pricemap\lebanonpricemap.client\lebanonpricemap.client.esproj]
C:\Users\HP UAE\.nuget\packages\microsoft.visualstudio.javascript.sdk\1.0.4338480\Sdk\Sdk.targets(293,3): warning : Creating Warning Picomatch: Method Injection in POSIX Character Classes causes incorrect Glob Matching, (Package: picomatch, Severity: high) [C:\fyp\Lebanon-pricemap\lebanonpricemap.client\lebanonpricemap.client.esproj]
C:\fyp\Lebanon-pricemap\LebanonPriceMap.Server\User.cs(3,14): error CS0101: The namespace 'LebanonPriceMap.Server.Models' already contains a definition for 'User' [C:\fyp\Lebanon-pricemap\LebanonPriceMap.Server\LebanonPriceMap.Server.csproj]

Build FAILED.

C:\fyp\Lebanon-pricemap\LebanonPriceMap.Server\LebanonPriceMap.Server.csproj : warning NU1903: Package 'SixLabors.ImageSharp' 3.1.3 has a known high severity vulnerability, https://github.com/advisories/GHSA-2cmq-823j-5qj8
C:\fyp\Lebanon-pricemap\LebanonPriceMap.Server\LebanonPriceMap.Server.csproj : warning NU1902: Package 'SixLabors.ImageSharp' 3.1.3 has a known moderate severity vulnerability, https://github.com/advisories/GHSA-5x7m-6737-26cr
C:\fyp\Lebanon-pricemap\LebanonPriceMap.Server\LebanonPriceMap.Server.csproj : warning NU1903: Package 'SixLabors.ImageSharp' 3.1.3 has a known high severity vulnerability, https://github.com/advisories/GHSA-63p8-c4ww-9cg7
C:\fyp\Lebanon-pricemap\LebanonPriceMap.Server\LebanonPriceMap.Server.csproj : warning NU1902: Package 'SixLabors.ImageSharp' 3.1.3 has a known moderate severity vulnerability, https://github.com/advisories/GHSA-g85r-6x2q-45w7
C:\fyp\Lebanon-pricemap\LebanonPriceMap.Server\LebanonPriceMap.Server.csproj : warning NU1902: Package 'SixLabors.ImageSharp' 3.1.3 has a known moderate severity vulnerability, https://github.com/advisories/GHSA-qxrv-gp6x-rc23
C:\fyp\Lebanon-pricemap\LebanonPriceMap.Server\LebanonPriceMap.Server.csproj : warning NU1902: Package 'SixLabors.ImageSharp' 3.1.3 has a known moderate severity vulnerability, https://github.com/advisories/GHSA-rxmq-m78w-7wmc
C:\fyp\Lebanon-pricemap\LebanonPriceMap.Server\LebanonPriceMap.Server.csproj : warning NU1903: Package 'SixLabors.ImageSharp' 3.1.3 has a known high severity vulnerability, https://github.com/advisories/GHSA-2cmq-823j-5qj8
C:\fyp\Lebanon-pricemap\LebanonPriceMap.Server\LebanonPriceMap.Server.csproj : warning NU1902: Package 'SixLabors.ImageSharp' 3.1.3 has a known moderate severity vulnerability, https://github.com/advisories/GHSA-5x7m-6737-26cr
C:\fyp\Lebanon-pricemap\LebanonPriceMap.Server\LebanonPriceMap.Server.csproj : warning NU1903: Package 'SixLabors.ImageSharp' 3.1.3 has a known high severity vulnerability, https://github.com/advisories/GHSA-63p8-c4ww-9cg7
C:\fyp\Lebanon-pricemap\LebanonPriceMap.Server\LebanonPriceMap.Server.csproj : warning NU1902: Package 'SixLabors.ImageSharp' 3.1.3 has a known moderate severity vulnerability, https://github.com/advisories/GHSA-g85r-6x2q-45w7
C:\fyp\Lebanon-pricemap\LebanonPriceMap.Server\LebanonPriceMap.Server.csproj : warning NU1902: Package 'SixLabors.ImageSharp' 3.1.3 has a known moderate severity vulnerability, https://github.com/advisories/GHSA-qxrv-gp6x-rc23
C:\fyp\Lebanon-pricemap\LebanonPriceMap.Server\LebanonPriceMap.Server.csproj : warning NU1902: Package 'SixLabors.ImageSharp' 3.1.3 has a known moderate severity vulnerability, https://github.com/advisories/GHSA-rxmq-m78w-7wmc
C:\Users\HP UAE\.nuget\packages\microsoft.visualstudio.javascript.sdk\1.0.4338480\Sdk\Sdk.targets(293,3): warning : Creating Warning brace-expansion: Zero-step sequence causes process hang and memory exhaustion, (Package: brace-expansion, Severity: moderate) [C:\fyp\Lebanon-pricemap\lebanonpricemap.client\lebanonpricemap.client.esproj]
C:\Users\HP UAE\.nuget\packages\microsoft.visualstudio.javascript.sdk\1.0.4338480\Sdk\Sdk.targets(293,3): warning : Creating Warning flatted vulnerable to unbounded recursion DoS in parse() revive phase, (Package: flatted, Severity: high) [C:\fyp\Lebanon-pricemap\lebanonpricemap.client\lebanonpricemap.client.esproj]
C:\Users\HP UAE\.nuget\packages\microsoft.visualstudio.javascript.sdk\1.0.4338480\Sdk\Sdk.targets(293,3): warning : Creating Warning Picomatch: Method Injection in POSIX Character Classes causes incorrect Glob Matching, (Package: picomatch, Severity: high) [C:\fyp\Lebanon-pricemap\lebanonpricemap.client\lebanonpricemap.client.esproj]
C:\fyp\Lebanon-pricemap\LebanonPriceMap.Server\User.cs(3,14): error CS0101: The namespace 'LebanonPriceMap.Server.Models' already contains a definition for 'User' [C:\fyp\Lebanon-pricemap\LebanonPriceMap.Server\LebanonPriceMap.Server.csproj]
    15 Warning(s)
    1 Error(s)

Time Elapsed 00:00:05.20
